[2m7:19:31 PM[22m [31m[1m[vite][22m[39m [31mInternal server error: C:\Users\laurencio.pereira\OneDrive - Cyncly\Área de Trabalho\myexpenses\src\pages.jsx: Unexpected token (38:1)

[0m [90m 36 |[31m [36mimport[31m { [33mCashflowCalendarPreview[31m } [36mfrom[31m [32m'./2026-06-14-feature-cashflow-calendar.jsx'[31m[33m;[31m
 [90m 37 |[31m [36mimport[31m { [33mWhatIfPreview[31m } [36mfrom[31m [32m'./2026-06-14-feature-whatif.jsx'[31m[33m;[31m
[31m[1m>[22m[31m[90m 38 |[31m [33m<<[31m[33m<<[31m[33m<<[31m[33m<[31m [33mHEAD[31m
 [90m    |[31m  [31m[1m^[22m[31m
 [90m 39 |[31m [36mimport[31m { [33mAllowancePreview[31m } [36mfrom[31m [32m'./2026-06-15-feature-allowance.jsx'[31m[33m;[31m
 [90m 40 |[31m [90m// 2026-06-16 feature review — Recurring Cost Radar preview.[31m
 [90m 41 |[31m [36mimport[31m { [33mRecurringRadarPreview[31m } [36mfrom[31m [32m'./2026-06-16-feature-recurring-radar.jsx'[31m[33m;[31m[0m[39m
  Plugin: [35mvite:react-babel[39m
  File: [36mC:/Users/laurencio.pereira/OneDrive - Cyncly/Área de Trabalho/myexpenses/src/pages.jsx[39m:38:1
[33m  37 |  import { WhatIfPreview } from './2026-06-14-feature-whatif.jsx';
  38 |  <<<<<<< HEAD
  39 |  import { AllowancePreview } from './2026-06-15-feature-allowance.jsx';
     |                           ^
  40 |  // 2026-06-16 feature review — Recurring Cost Radar preview.
  41 |  import { RecurringRadarPreview } from './2026-06-16-feature-recurring-radar.jsx';[39m
      at constructor (C:\Users\laurencio.pereira\OneDrive - Cyncly\Área de Trabalho\myexpenses\node_modules\@babel\parser\lib\index.js:365:19)
      at JSXParserMixin.raise (C:\Users\laurencio.pereira\OneDrive - Cyncly\Área de Trabalho\myexpenses\node_modules\@babel\parser\lib\index.js:6599:19)
      at JSXParserMixin.unexpected (C:\Users\laurencio.pereira\OneDrive - Cyncly\Área de Trabalho\myexpenses\node_modules\@babel\parser\lib\index.js:6619:16)
      at JSXParserMixin.jsxParseIdentifier (C:\Users\laurencio.pereira\OneDrive - Cyncly\Área de Trabalho\myexpenses\node_modules\@babel\parser\lib\index.js:4569:12)
      at JSXParserMixin.jsxParseNamespacedName (C:\Users\laurencio.pereira\OneDrive - Cyncly\Área de Trabalho\myexpenses\node_modules\@babel\parser\lib\index.js:4576:23)
      at JSXParserMixin.jsxParseElementName (C:\Users\laurencio.pereira\OneDrive - Cyncly\Área de Trabalho\myexpenses\node_modules\@babel\parser\lib\index.js:4585:21)
      at JSXParserMixin.jsxParseOpeningElementAt (C:\Users\laurencio.pereira\OneDrive - Cyncly\Área de Trabalho\myexpenses\node_modules\@babel\parser\lib\index.js:4661:22)
      at JSXParserMixin.jsxParseElementAt (C:\Users\laurencio.pereira\OneDrive - Cyncly\Área de Trabalho\myexpenses\node_modules\@babel\parser\lib\index.js:4686:33)
      at JSXParserMixin.jsxParseElement (C:\Users\laurencio.pereira\OneDrive - Cyncly\Área de Trabalho\myexpenses\node_modules\@babel\parser\lib\index.js:4749:17)
      at JSXParserMixin.parseExprAtom (C:\Users\laurencio.pereira\OneDrive - Cyncly\Área de Trabalho\myexpenses\node_modules\@babel\parser\lib\index.js:4759:19)
      at JSXParserMixin.parseExprSubscripts (C:\Users\laurencio.pereira\OneDrive - Cyncly\Área de Trabalho\myexpenses\node_modules\@babel\parser\lib\index.js:11081:23)
      at JSXParserMixin.parseUpdate (C:\Users\laurencio.pereira\OneDrive - Cyncly\Área de Trabalho\myexpenses\node_modules\@babel\parser\lib\index.js:11066:21)
      at JSXParserMixin.parseMaybeUnary (C:\Users\laurencio.pereira\OneDrive - Cyncly\Área de Trabalho\myexpenses\node_modules\@babel\parser\lib\index.js:11046:23)
      at JSXParserMixin.parseMaybeUnaryOrPrivate (C:\Users\laurencio.pereira\OneDrive - Cyncly\Área de Trabalho\myexpenses\node_modules\@babel\parser\lib\index.js:10899:61)
      at JSXParserMixin.parseExprOps (C:\Users\laurencio.pereira\OneDrive - Cyncly\Área de Trabalho\myexpenses\node_modules\@babel\parser\lib\index.js:10904:23)
      at JSXParserMixin.parseMaybeConditional (C:\Users\laurencio.pereira\OneDrive - Cyncly\Área de Trabalho\myexpenses\node_modules\@babel\parser\lib\index.js:10881:23)
      at JSXParserMixin.parseMaybeAssign (C:\Users\laurencio.pereira\OneDrive - Cyncly\Área de Trabalho\myexpenses\node_modules\@babel\parser\lib\index.js:10831:21)
      at JSXParserMixin.parseExpressionBase (C:\Users\laurencio.pereira\OneDrive - Cyncly\Área de Trabalho\myexpenses\node_modules\@babel\parser\lib\index.js:10784:23)
      at C:\Users\laurencio.pereira\OneDrive - Cyncly\Área de Trabalho\myexpenses\node_modules\@babel\parser\lib\index.js:10780:39
      at JSXParserMixin.allowInAnd (C:\Users\laurencio.pereira\OneDrive - Cyncly\Área de Trabalho\myexpenses\node_modules\@babel\parser\lib\index.js:12421:16)
      at JSXParserMixin.parseExpression (C:\Users\laurencio.pereira\OneDrive - Cyncly\Área de Trabalho\myexpenses\node_modules\@babel\parser\lib\index.js:10780:17)
      at JSXParserMixin.parseStatementContent (C:\Users\laurencio.pereira\OneDrive - Cyncly\Área de Trabalho\myexpenses\node_modules\@babel\parser\lib\index.js:12895:23)
      at JSXParserMixin.parseStatementLike (C:\Users\laurencio.pereira\OneDrive - Cyncly\Área de Trabalho\myexpenses\node_modules\@babel\parser\lib\index.js:12767:17)
      at JSXParserMixin.parseModuleItem (C:\Users\laurencio.pereira\OneDrive - Cyncly\Área de Trabalho\myexpenses\node_modules\@babel\parser\lib\index.js:12744:17)
      at JSXParserMixin.parseBlockOrModuleBlockBody (C:\Users\laurencio.pereira\OneDrive - Cyncly\Área de Trabalho\myexpenses\node_modules\@babel\parser\lib\index.js:13316:36)
      at JSXParserMixin.parseBlockBody (C:\Users\laurencio.pereira\OneDrive - Cyncly\Área de Trabalho\myexpenses\node_modules\@babel\parser\lib\index.js:13309:10)
      at JSXParserMixin.parseProgram (C:\Users\laurencio.pereira\OneDrive - Cyncly\Área de Trabalho\myexpenses\node_modules\@babel\parser\lib\index.js:12622:10)
      at JSXParserMixin.parseTopLevel (C:\Users\laurencio.pereira\OneDrive - Cyncly\Área de Trabalho\myexpenses\node_modules\@babel\parser\lib\index.js:12612:25)
      at JSXParserMixin.parse (C:\Users\laurencio.pereira\OneDrive - Cyncly\Área de Trabalho\myexpenses\node_modules\@babel\parser\lib\index.js:14488:25)
      at parse (C:\Users\laurencio.pereira\OneDrive - Cyncly\Área de Trabalho\myexpenses\node_modules\@babel\parser\lib\index.js:14522:38)
      at parser (C:\Users\laurencio.pereira\OneDrive - Cyncly\Área de Trabalho\myexpenses\node_modules\@babel\core\lib\parser\index.js:41:34)
      at parser.next (<anonymous>)
      at normalizeFile (C:\Users\laurencio.pereira\OneDrive - Cyncly\Área de Trabalho\myexpenses\node_modules\@babel\core\lib\transformation\normalize-file.js:64:37)
      at normalizeFile.next (<anonymous>)
      at run (C:\Users\laurencio.pereira\OneDrive - Cyncly\Área de Trabalho\myexpenses\node_modules\@babel\core\lib\transformation\index.js:22:50)
      at run.next (<anonymous>)
      at transform (C:\Users\laurencio.pereira\OneDrive - Cyncly\Área de Trabalho\myexpenses\node_modules\@babel\core\lib\transform.js:22:33)
      at transform.next (<anonymous>)
      at step (C:\Users\laurencio.pereira\OneDrive - Cyncly\Área de Trabalho\myexpenses\node_modules\gensync\index.js:261:32)
      at C:\Users\laurencio.pereira\OneDrive - Cyncly\Área de Trabalho\myexpenses\node_modules\gensync\index.js:273:13
      at async.call.result.err.err (C:\Users\laurencio.pereira\OneDrive - Cyncly\Área de Trabalho\myexpenses\node_modules\gensync\index.js:223:11)
      at C:\Users\laurencio.pereira\OneDrive - Cyncly\Área de Trabalho\myexpenses\node_modules\gensync\index.js:189:28
      at C:\Users\laurencio.pereira\OneDrive - Cyncly\Área de Trabalho\myexpenses\node_modules\@babel\core\lib\gensync-utils\async.js:67:7
      at C:\Users\laurencio.pereira\OneDrive - Cyncly\Área de Trabalho\myexpenses\node_modules\gensync\index.js:113:33
      at step (C:\Users\laurencio.pereira\OneDrive - Cyncly\Área de Trabalho\myexpenses\node_modules\gensync\index.js:287:14)
      at C:\Users\laurencio.pereira\OneDrive - Cyncly\Área de Trabalho\myexpenses\node_modules\gensync\index.js:273:13
      at async.call.result.err.err (C:\Users\laurencio.pereira\OneDrive - Cyncly\Área de Trabalho\myexpenses\node_modules\gensync\index.js:223:11)
[2m7:19:31 PM[22m [31m[1m[vite][22m[39m [31mInternal server error: C:\Users\laurencio.pereira\OneDrive - Cyncly\Área de Trabalho\myexpenses\src\App.jsx: Unexpected token (51:1)

[0m [90m 49 |[31m [36mimport[31m { [33mCashflowCalendarPage[31m } [36mfrom[31m [32m'./2026-06-14-feature-cashflow-calendar.jsx'[31m[33m;[31m
 [90m 50 |[31m [36mimport[31m { [33mWhatIfPage[31m } [36mfrom[31m [32m'./2026-06-14-feature-whatif.jsx'[31m[33m;[31m
[31m[1m>[22m[31m[90m 51 |[31m [33m<<[31m[33m<<[31m[33m<<[31m[33m<[31m [33mHEAD[31m
 [90m    |[31m  [31m[1m^[22m[31m
 [90m 52 |[31m [90m// 2026-06-15 feature review: Daily Allowance (safe-to-spend per day) plus a[31m
 [90m 53 |[31m [90m// "Compare" hub that nests Month Compare + Year in Review under one tab.[31m
 [90m 54 |[31m [36mimport[31m { [33mAllowancePage[31m } [36mfrom[31m [32m'./2026-06-15-feature-allowance.jsx'[31m[33m;[31m[0m[39m
  Plugin: [35mvite:react-babel[39m
  File: [36mC:/Users/laurencio.pereira/OneDrive - Cyncly/Área de Trabalho/myexpenses/src/App.jsx[39m:51:1
[33m  50 |  import { WhatIfPage } from './2026-06-14-feature-whatif.jsx';
  51 |  <<<<<<< HEAD
  52 |  // 2026-06-15 feature review: Daily Allowance (safe-to-spend per day) plus a
     |                                        ^
  53 |  // "Compare" hub that nests Month Compare + Year in Review under one tab.
  54 |  import { AllowancePage } from './2026-06-15-feature-allowance.jsx';[39m
      at constructor (C:\Users\laurencio.pereira\OneDrive - Cyncly\Área de Trabalho\myexpenses\node_modules\@babel\parser\lib\index.js:365:19)
      at JSXParserMixin.raise (C:\Users\laurencio.pereira\OneDrive - Cyncly\Área de Trabalho\myexpenses\node_modules\@babel\parser\lib\index.js:6599:19)
      at JSXParserMixin.unexpected (C:\Users\laurencio.pereira\OneDrive - Cyncly\Área de Trabalho\myexpenses\node_modules\@babel\parser\lib\index.js:6619:16)
      at JSXParserMixin.jsxParseIdentifier (C:\Users\laurencio.pereira\OneDrive - Cyncly\Área de Trabalho\myexpenses\node_modules\@babel\parser\lib\index.js:4569:12)
      at JSXParserMixin.jsxParseNamespacedName (C:\Users\laurencio.pereira\OneDrive - Cyncly\Área de Trabalho\myexpenses\node_modules\@babel\parser\lib\index.js:4576:23)
      at JSXParserMixin.jsxParseElementName (C:\Users\laurencio.pereira\OneDrive - Cyncly\Área de Trabalho\myexpenses\node_modules\@babel\parser\lib\index.js:4585:21)
      at JSXParserMixin.jsxParseOpeningElementAt (C:\Users\laurencio.pereira\OneDrive - Cyncly\Área de Trabalho\myexpenses\node_modules\@babel\parser\lib\index.js:4661:22)
      at JSXParserMixin.jsxParseElementAt (C:\Users\laurencio.pereira\OneDrive - Cyncly\Área de Trabalho\myexpenses\node_modules\@babel\parser\lib\index.js:4686:33)
      at JSXParserMixin.jsxParseElement (C:\Users\laurencio.pereira\OneDrive - Cyncly\Área de Trabalho\myexpenses\node_modules\@babel\parser\lib\index.js:4749:17)
      at JSXParserMixin.parseExprAtom (C:\Users\laurencio.pereira\OneDrive - Cyncly\Área de Trabalho\myexpenses\node_modules\@babel\parser\lib\index.js:4759:19)
      at JSXParserMixin.parseExprSubscripts (C:\Users\laurencio.pereira\OneDrive - Cyncly\Área de Trabalho\myexpenses\node_modules\@babel\parser\lib\index.js:11081:23)
      at JSXParserMixin.parseUpdate (C:\Users\laurencio.pereira\OneDrive - Cyncly\Área de Trabalho\myexpenses\node_modules\@babel\parser\lib\index.js:11066:21)
      at JSXParserMixin.parseMaybeUnary (C:\Users\laurencio.pereira\OneDrive - Cyncly\Área de Trabalho\myexpenses\node_modules\@babel\parser\lib\index.js:11046:23)
      at JSXParserMixin.parseMaybeUnaryOrPrivate (C:\Users\laurencio.pereira\OneDrive - Cyncly\Área de Trabalho\myexpenses\node_modules\@babel\parser\lib\index.js:10899:61)
      at JSXParserMixin.parseExprOps (C:\Users\laurencio.pereira\OneDrive - Cyncly\Área de Trabalho\myexpenses\node_modules\@babel\parser\lib\index.js:10904:23)
      at JSXParserMixin.parseMaybeConditional (C:\Users\laurencio.pereira\OneDrive - Cyncly\Área de Trabalho\myexpenses\node_modules\@babel\parser\lib\index.js:10881:23)
      at JSXParserMixin.parseMaybeAssign (C:\Users\laurencio.pereira\OneDrive - Cyncly\Área de Trabalho\myexpenses\node_modules\@babel\parser\lib\index.js:10831:21)
      at JSXParserMixin.parseExpressionBase (C:\Users\laurencio.pereira\OneDrive - Cyncly\Área de Trabalho\myexpenses\node_modules\@babel\parser\lib\index.js:10784:23)
      at C:\Users\laurencio.pereira\OneDrive - Cyncly\Área de Trabalho\myexpenses\node_modules\@babel\parser\lib\index.js:10780:39
      at JSXParserMixin.allowInAnd (C:\Users\laurencio.pereira\OneDrive - Cyncly\Área de Trabalho\myexpenses\node_modules\@babel\parser\lib\index.js:12421:16)
      at JSXParserMixin.parseExpression (C:\Users\laurencio.pereira\OneDrive - Cyncly\Área de Trabalho\myexpenses\node_modules\@babel\parser\lib\index.js:10780:17)
      at JSXParserMixin.parseStatementContent (C:\Users\laurencio.pereira\OneDrive - Cyncly\Área de Trabalho\myexpenses\node_modules\@babel\parser\lib\index.js:12895:23)
      at JSXParserMixin.parseStatementLike (C:\Users\laurencio.pereira\OneDrive - Cyncly\Área de Trabalho\myexpenses\node_modules\@babel\parser\lib\index.js:12767:17)
      at JSXParserMixin.parseModuleItem (C:\Users\laurencio.pereira\OneDrive - Cyncly\Área de Trabalho\myexpenses\node_modules\@babel\parser\lib\index.js:12744:17)
      at JSXParserMixin.parseBlockOrModuleBlockBody (C:\Users\laurencio.pereira\OneDrive - Cyncly\Área de Trabalho\myexpenses\node_modules\@babel\parser\lib\index.js:13316:36)
      at JSXParserMixin.parseBlockBody (C:\Users\laurencio.pereira\OneDrive - Cyncly\Área de Trabalho\myexpenses\node_modules\@babel\parser\lib\index.js:13309:10)
      at JSXParserMixin.parseProgram (C:\Users\laurencio.pereira\OneDrive - Cyncly\Área de Trabalho\myexpenses\node_modules\@babel\parser\lib\index.js:12622:10)
      at JSXParserMixin.parseTopLevel (C:\Users\laurencio.pereira\OneDrive - Cyncly\Área de Trabalho\myexpenses\node_modules\@babel\parser\lib\index.js:12612:25)
      at JSXParserMixin.parse (C:\Users\laurencio.pereira\OneDrive - Cyncly\Área de Trabalho\myexpenses\node_modules\@babel\parser\lib\index.js:14488:25)
      at parse (C:\Users\laurencio.pereira\OneDrive - Cyncly\Área de Trabalho\myexpenses\node_modules\@babel\parser\lib\index.js:14522:38)
      at parser (C:\Users\laurencio.pereira\OneDrive - Cyncly\Área de Trabalho\myexpenses\node_modules\@babel\core\lib\parser\index.js:41:34)
      at parser.next (<anonymous>)
      at normalizeFile (C:\Users\laurencio.pereira\OneDrive - Cyncly\Área de Trabalho\myexpenses\node_modules\@babel\core\lib\transformation\normalize-file.js:64:37)
      at normalizeFile.next (<anonymous>)
      at run (C:\Users\laurencio.pereira\OneDrive - Cyncly\Área de Trabalho\myexpenses\node_modules\@babel\core\lib\transformation\index.js:22:50)
      at run.next (<anonymous>)
      at transform (C:\Users\laurencio.pereira\OneDrive - Cyncly\Área de Trabalho\myexpenses\node_modules\@babel\core\lib\transform.js:22:33)
      at transform.next (<anonymous>)
      at step (C:\Users\laurencio.pereira\OneDrive - Cyncly\Área de Trabalho\myexpenses\node_modules\gensync\index.js:261:32)
      at C:\Users\laurencio.pereira\OneDrive - Cyncly\Área de Trabalho\myexpenses\node_modules\gensync\index.js:273:13
      at async.call.result.err.err (C:\Users\laurencio.pereira\OneDrive - Cyncly\Área de Trabalho\myexpenses\node_modules\gensync\index.js:223:11)
      at C:\Users\laurencio.pereira\OneDrive - Cyncly\Área de Trabalho\myexpenses\node_modules\gensync\index.js:189:28
      at C:\Users\laurencio.pereira\OneDrive - Cyncly\Área de Trabalho\myexpenses\node_modules\@babel\core\lib\gensync-utils\async.js:67:7
      at C:\Users\laurencio.pereira\OneDrive - Cyncly\Área de Trabalho\myexpenses\node_modules\gensync\index.js:113:33
      at step (C:\Users\laurencio.pereira\OneDrive - Cyncly\Área de Trabalho\myexpenses\node_modules\gensync\index.js:287:14)
      at C:\Users\laurencio.pereira\OneDrive - Cyncly\Área de Trabalho\myexpenses\node_modules\gensync\index.js:273:13
      at async.call.result.err.err (C:\Users\laurencio.pereira\OneDrive - Cyncly\Área de Trabalho\myexpenses\node_modules\gensync\index.js:223:11)
[2m7:19:31 PM[22m [31m[1m[vite][22m[39m [31mInternal server error: C:\Users\laurencio.pereira\OneDrive - Cyncly\Área de Trabalho\myexpenses\src\App.jsx: Unexpected token (51:1)

[0m [90m 49 |[31m [36mimport[31m { [33mCashflowCalendarPage[31m } [36mfrom[31m [32m'./2026-06-14-feature-cashflow-calendar.jsx'[31m[33m;[31m
 [90m 50 |[31m [36mimport[31m { [33mWhatIfPage[31m } [36mfrom[31m [32m'./2026-06-14-feature-whatif.jsx'[31m[33m;[31m
[31m[1m>[22m[31m[90m 51 |[31m [33m<<[31m[33m<<[31m[33m<<[31m[33m<[31m [33mHEAD[31m
 [90m    |[31m  [31m[1m^[22m[31m
 [90m 52 |[31m [90m// 2026-06-15 feature review: Daily Allowance (safe-to-spend per day) plus a[31m
 [90m 53 |[31m [90m// "Compare" hub that nests Month Compare + Year in Review under one tab.[31m
 [90m 54 |[31m [36mimport[31m { [33mAllowancePage[31m } [36mfrom[31m [32m'./2026-06-15-feature-allowance.jsx'[31m[33m;[31m[0m[39m
  Plugin: [35mvite:react-babel[39m
  File: [36mC:/Users/laurencio.pereira/OneDrive - Cyncly/Área de Trabalho/myexpenses/src/App.jsx[39m:51:1
[33m  50 |  import { WhatIfPage } from './2026-06-14-feature-whatif.jsx';
  51 |  <<<<<<< HEAD
  52 |  // 2026-06-15 feature review: Daily Allowance (safe-to-spend per day) plus a
     |                                        ^
  53 |  // "Compare" hub that nests Month Compare + Year in Review under one tab.
  54 |  import { AllowancePage } from './2026-06-15-feature-allowance.jsx';[39m
      at constructor (C:\Users\laurencio.pereira\OneDrive - Cyncly\Área de Trabalho\myexpenses\node_modules\@babel\parser\lib\index.js:365:19)
      at JSXParserMixin.raise (C:\Users\laurencio.pereira\OneDrive - Cyncly\Área de Trabalho\myexpenses\node_modules\@babel\parser\lib\index.js:6599:19)
      at JSXParserMixin.unexpected (C:\Users\laurencio.pereira\OneDrive - Cyncly\Área de Trabalho\myexpenses\node_modules\@babel\parser\lib\index.js:6619:16)
      at JSXParserMixin.jsxParseIdentifier (C:\Users\laurencio.pereira\OneDrive - Cyncly\Área de Trabalho\myexpenses\node_modules\@babel\parser\lib\index.js:4569:12)
      at JSXParserMixin.jsxParseNamespacedName (C:\Users\laurencio.pereira\OneDrive - Cyncly\Área de Trabalho\myexpenses\node_modules\@babel\parser\lib\index.js:4576:23)
      at JSXParserMixin.jsxParseElementName (C:\Users\laurencio.pereira\OneDrive - Cyncly\Área de Trabalho\myexpenses\node_modules\@babel\parser\lib\index.js:4585:21)
      at JSXParserMixin.jsxParseOpeningElementAt (C:\Users\laurencio.pereira\OneDrive - Cyncly\Área de Trabalho\myexpenses\node_modules\@babel\parser\lib\index.js:4661:22)
      at JSXParserMixin.jsxParseElementAt (C:\Users\laurencio.pereira\OneDrive - Cyncly\Área de Trabalho\myexpenses\node_modules\@babel\parser\lib\index.js:4686:33)
      at JSXParserMixin.jsxParseElement (C:\Users\laurencio.pereira\OneDrive - Cyncly\Área de Trabalho\myexpenses\node_modules\@babel\parser\lib\index.js:4749:17)
      at JSXParserMixin.parseExprAtom (C:\Users\laurencio.pereira\OneDrive - Cyncly\Área de Trabalho\myexpenses\node_modules\@babel\parser\lib\index.js:4759:19)
      at JSXParserMixin.parseExprSubscripts (C:\Users\laurencio.pereira\OneDrive - Cyncly\Área de Trabalho\myexpenses\node_modules\@babel\parser\lib\index.js:11081:23)
      at JSXParserMixin.parseUpdate (C:\Users\laurencio.pereira\OneDrive - Cyncly\Área de Trabalho\myexpenses\node_modules\@babel\parser\lib\index.js:11066:21)
      at JSXParserMixin.parseMaybeUnary (C:\Users\laurencio.pereira\OneDrive - Cyncly\Área de Trabalho\myexpenses\node_modules\@babel\parser\lib\index.js:11046:23)
      at JSXParserMixin.parseMaybeUnaryOrPrivate (C:\Users\laurencio.pereira\OneDrive - Cyncly\Área de Trabalho\myexpenses\node_modules\@babel\parser\lib\index.js:10899:61)
      at JSXParserMixin.parseExprOps (C:\Users\laurencio.pereira\OneDrive - Cyncly\Área de Trabalho\myexpenses\node_modules\@babel\parser\lib\index.js:10904:23)
      at JSXParserMixin.parseMaybeConditional (C:\Users\laurencio.pereira\OneDrive - Cyncly\Área de Trabalho\myexpenses\node_modules\@babel\parser\lib\index.js:10881:23)
      at JSXParserMixin.parseMaybeAssign (C:\Users\laurencio.pereira\OneDrive - Cyncly\Área de Trabalho\myexpenses\node_modules\@babel\parser\lib\index.js:10831:21)
      at JSXParserMixin.parseExpressionBase (C:\Users\laurencio.pereira\OneDrive - Cyncly\Área de Trabalho\myexpenses\node_modules\@babel\parser\lib\index.js:10784:23)
      at C:\Users\laurencio.pereira\OneDrive - Cyncly\Área de Trabalho\myexpenses\node_modules\@babel\parser\lib\index.js:10780:39
      at JSXParserMixin.allowInAnd (C:\Users\laurencio.pereira\OneDrive - Cyncly\Área de Trabalho\myexpenses\node_modules\@babel\parser\lib\index.js:12421:16)
      at JSXParserMixin.parseExpression (C:\Users\laurencio.pereira\OneDrive - Cyncly\Área de Trabalho\myexpenses\node_modules\@babel\parser\lib\index.js:10780:17)
      at JSXParserMixin.parseStatementContent (C:\Users\laurencio.pereira\OneDrive - Cyncly\Área de Trabalho\myexpenses\node_modules\@babel\parser\lib\index.js:12895:23)
      at JSXParserMixin.parseStatementLike (C:\Users\laurencio.pereira\OneDrive - Cyncly\Área de Trabalho\myexpenses\node_modules\@babel\parser\lib\index.js:12767:17)
      at JSXParserMixin.parseModuleItem (C:\Users\laurencio.pereira\OneDrive - Cyncly\Área de Trabalho\myexpenses\node_modules\@babel\parser\lib\index.js:12744:17)
      at JSXParserMixin.parseBlockOrModuleBlockBody (C:\Users\laurencio.pereira\OneDrive - Cyncly\Área de Trabalho\myexpenses\node_modules\@babel\parser\lib\index.js:13316:36)
      at JSXParserMixin.parseBlockBody (C:\Users\laurencio.pereira\OneDrive - Cyncly\Área de Trabalho\myexpenses\node_modules\@babel\parser\lib\index.js:13309:10)
      at JSXParserMixin.parseProgram (C:\Users\laurencio.pereira\OneDrive - Cyncly\Área de Trabalho\myexpenses\node_modules\@babel\parser\lib\index.js:12622:10)
      at JSXParserMixin.parseTopLevel (C:\Users\laurencio.pereira\OneDrive - Cyncly\Área de Trabalho\myexpenses\node_modules\@babel\parser\lib\index.js:12612:25)
      at JSXParserMixin.parse (C:\Users\laurencio.pereira\OneDrive - Cyncly\Área de Trabalho\myexpenses\node_modules\@babel\parser\lib\index.js:14488:25)
      at parse (C:\Users\laurencio.pereira\OneDrive - Cyncly\Área de Trabalho\myexpenses\node_modules\@babel\parser\lib\index.js:14522:38)
      at parser (C:\Users\laurencio.pereira\OneDrive - Cyncly\Área de Trabalho\myexpenses\node_modules\@babel\core\lib\parser\index.js:41:34)
      at parser.next (<anonymous>)
      at normalizeFile (C:\Users\laurencio.pereira\OneDrive - Cyncly\Área de Trabalho\myexpenses\node_modules\@babel\core\lib\transformation\normalize-file.js:64:37)
      at normalizeFile.next (<anonymous>)
      at run (C:\Users\laurencio.pereira\OneDrive - Cyncly\Área de Trabalho\myexpenses\node_modules\@babel\core\lib\transformation\index.js:22:50)
      at run.next (<anonymous>)
      at transform (C:\Users\laurencio.pereira\OneDrive - Cyncly\Área de Trabalho\myexpenses\node_modules\@babel\core\lib\transform.js:22:33)
      at transform.next (<anonymous>)
      at step (C:\Users\laurencio.pereira\OneDrive - Cyncly\Área de Trabalho\myexpenses\node_modules\gensync\index.js:261:32)
      at C:\Users\laurencio.pereira\OneDrive - Cyncly\Área de Trabalho\myexpenses\node_modules\gensync\index.js:273:13
      at async.call.result.err.err (C:\Users\laurencio.pereira\OneDrive - Cyncly\Área de Trabalho\myexpenses\node_modules\gensync\index.js:223:11)
      at C:\Users\laurencio.pereira\OneDrive - Cyncly\Área de Trabalho\myexpenses\node_modules\gensync\index.js:189:28
      at C:\Users\laurencio.pereira\OneDrive - Cyncly\Área de Trabalho\myexpenses\node_modules\@babel\core\lib\gensync-utils\async.js:67:7
      at C:\Users\laurencio.pereira\OneDrive - Cyncly\Área de Trabalho\myexpenses\node_modules\gensync\index.js:113:33
      at step (C:\Users\laurencio.pereira\OneDrive - Cyncly\Área de Trabalho\myexpenses\node_modules\gensync\index.js:287:14)
      at C:\Users\laurencio.pereira\OneDrive - Cyncly\Área de Trabalho\myexpenses\node_modules\gensync\index.js:273:13
      at async.call.result.err.err (C:\Users\laurencio.pereira\OneDrive - Cyncly\Área de Trabalho\myexpenses\node_modules\gensync\index.js:223:11)
